// Jest Snapshot v1, https://goo.gl/fbAQLP

exports[`DeleteModal renders should DeleteModal match snapshot 1`] = `
<DocumentFragment>
  <div
    class="modal"
    data-testid="deletemodal"
  >
    <div
      class="outer_container"
    />
    <div
      class="modal_main_container"
    >
      <button
        class="close_btn"
      >
        X
      </button>
      <p>
        Are you sure you want to delete this item from Cart?
      </p>
      <button
        class="modal_btn"
      >
        delete from Cart
      </button>
    </div>
  </div>
</DocumentFragment>
`;
